Archive member included to satisfy reference by file (symbol)

c:/users/natar/onedrive/documents/venkiworkspace/10 2021.10/bin/../lib/gcc/arm-none-eabi/10.3.1/thumb/v6-m/nofp\libgcc.a(_udivsi3.o)
                              ./User/timer.o (__aeabi_uidiv)
c:/users/natar/onedrive/documents/venkiworkspace/10 2021.10/bin/../lib/gcc/arm-none-eabi/10.3.1/thumb/v6-m/nofp\libgcc.a(_divsi3.o)
                              ./User/main.o (__aeabi_idiv)
c:/users/natar/onedrive/documents/venkiworkspace/10 2021.10/bin/../lib/gcc/arm-none-eabi/10.3.1/thumb/v6-m/nofp\libgcc.a(_dvmd_tls.o)
                              c:/users/natar/onedrive/documents/venkiworkspace/10 2021.10/bin/../lib/gcc/arm-none-eabi/10.3.1/thumb/v6-m/nofp\libgcc.a(_udivsi3.o) (__aeabi_idiv0)
c:/users/natar/onedrive/documents/venkiworkspace/10 2021.10/bin/../lib/gcc/arm-none-eabi/10.3.1/../../../../arm-none-eabi/lib/thumb/v6-m/nofp\libg_nano.a(lib_a-errno.o)
                              ./CMSIS/GCC/_syscalls.o (__errno)
c:/users/natar/onedrive/documents/venkiworkspace/10 2021.10/bin/../lib/gcc/arm-none-eabi/10.3.1/../../../../arm-none-eabi/lib/thumb/v6-m/nofp\libg_nano.a(lib_a-exit.o)
                              c:/users/natar/onedrive/documents/venkiworkspace/10 2021.10/bin/../lib/gcc/arm-none-eabi/10.3.1/../../../../arm-none-eabi/lib/thumb/v6-m/nofp/crt0.o (exit)
c:/users/natar/onedrive/documents/venkiworkspace/10 2021.10/bin/../lib/gcc/arm-none-eabi/10.3.1/../../../../arm-none-eabi/lib/thumb/v6-m/nofp\libg_nano.a(lib_a-impure.o)
                              c:/users/natar/onedrive/documents/venkiworkspace/10 2021.10/bin/../lib/gcc/arm-none-eabi/10.3.1/../../../../arm-none-eabi/lib/thumb/v6-m/nofp\libg_nano.a(lib_a-exit.o) (_global_impure_ptr)
c:/users/natar/onedrive/documents/venkiworkspace/10 2021.10/bin/../lib/gcc/arm-none-eabi/10.3.1/../../../../arm-none-eabi/lib/thumb/v6-m/nofp\libg_nano.a(lib_a-init.o)
                              c:/users/natar/onedrive/documents/venkiworkspace/10 2021.10/bin/../lib/gcc/arm-none-eabi/10.3.1/../../../../arm-none-eabi/lib/thumb/v6-m/nofp/crt0.o (__libc_init_array)
c:/users/natar/onedrive/documents/venkiworkspace/10 2021.10/bin/../lib/gcc/arm-none-eabi/10.3.1/../../../../arm-none-eabi/lib/thumb/v6-m/nofp\libg_nano.a(lib_a-itoa.o)
                              ./User/main.o (itoa)
c:/users/natar/onedrive/documents/venkiworkspace/10 2021.10/bin/../lib/gcc/arm-none-eabi/10.3.1/../../../../arm-none-eabi/lib/thumb/v6-m/nofp\libg_nano.a(lib_a-memset.o)
                              c:/users/natar/onedrive/documents/venkiworkspace/10 2021.10/bin/../lib/gcc/arm-none-eabi/10.3.1/../../../../arm-none-eabi/lib/thumb/v6-m/nofp/crt0.o (memset)
c:/users/natar/onedrive/documents/venkiworkspace/10 2021.10/bin/../lib/gcc/arm-none-eabi/10.3.1/../../../../arm-none-eabi/lib/thumb/v6-m/nofp\libg_nano.a(lib_a-printf.o)
                              ./Library/retarget.o (printf)
c:/users/natar/onedrive/documents/venkiworkspace/10 2021.10/bin/../lib/gcc/arm-none-eabi/10.3.1/../../../../arm-none-eabi/lib/thumb/v6-m/nofp\libg_nano.a(lib_a-puts.o)
                              ./Library/retarget.o (puts)
c:/users/natar/onedrive/documents/venkiworkspace/10 2021.10/bin/../lib/gcc/arm-none-eabi/10.3.1/../../../../arm-none-eabi/lib/thumb/v6-m/nofp\libg_nano.a(lib_a-utoa.o)
                              c:/users/natar/onedrive/documents/venkiworkspace/10 2021.10/bin/../lib/gcc/arm-none-eabi/10.3.1/../../../../arm-none-eabi/lib/thumb/v6-m/nofp\libg_nano.a(lib_a-itoa.o) (__utoa)
c:/users/natar/onedrive/documents/venkiworkspace/10 2021.10/bin/../lib/gcc/arm-none-eabi/10.3.1/../../../../arm-none-eabi/lib/thumb/v6-m/nofp\libg_nano.a(lib_a-wbuf.o)
                              c:/users/natar/onedrive/documents/venkiworkspace/10 2021.10/bin/../lib/gcc/arm-none-eabi/10.3.1/../../../../arm-none-eabi/lib/thumb/v6-m/nofp\libg_nano.a(lib_a-puts.o) (__swbuf_r)
c:/users/natar/onedrive/documents/venkiworkspace/10 2021.10/bin/../lib/gcc/arm-none-eabi/10.3.1/../../../../arm-none-eabi/lib/thumb/v6-m/nofp\libg_nano.a(lib_a-wsetup.o)
                              c:/users/natar/onedrive/documents/venkiworkspace/10 2021.10/bin/../lib/gcc/arm-none-eabi/10.3.1/../../../../arm-none-eabi/lib/thumb/v6-m/nofp\libg_nano.a(lib_a-puts.o) (__swsetup_r)
c:/users/natar/onedrive/documents/venkiworkspace/10 2021.10/bin/../lib/gcc/arm-none-eabi/10.3.1/../../../../arm-none-eabi/lib/thumb/v6-m/nofp\libg_nano.a(lib_a-fflush.o)
                              c:/users/natar/onedrive/documents/venkiworkspace/10 2021.10/bin/../lib/gcc/arm-none-eabi/10.3.1/../../../../arm-none-eabi/lib/thumb/v6-m/nofp\libg_nano.a(lib_a-wbuf.o) (_fflush_r)
c:/users/natar/onedrive/documents/venkiworkspace/10 2021.10/bin/../lib/gcc/arm-none-eabi/10.3.1/../../../../arm-none-eabi/lib/thumb/v6-m/nofp\libg_nano.a(lib_a-findfp.o)
[...]
Memory Configuration

Name             Origin             Length             Attributes
FLASH            0x00000000         0x00040000         xr
RAM              0x20000000         0x00005000         xrw
*default*        0x00000000         0xffffffff

Linker script and memory map

LOAD c:/users/natar/onedrive/documents/venkiworkspace/10 2021.10/bin/../lib/gcc/arm-none-eabi/10.3.1/thumb/v6-m/nofp/crti.o
LOAD c:/users/natar/onedrive/documents/venkiworkspace/10 2021.10/bin/../lib/gcc/arm-none-eabi/10.3.1/thumb/v6-m/nofp/crtbegin.o
LOAD c:/users/natar/onedrive/documents/venkiworkspace/10 2021.10/bin/../lib/gcc/arm-none-eabi/10.3.1/../../../../arm-none-eabi/lib/thumb/v6-m/nofp/crt0.o
LOAD ./User/gpio.o
LOAD ./User/main.o
LOAD ./User/timer.o
LOAD ./Library/clk.o
LOAD ./Library/i2c.o
LOAD ./Library/retarget.o
LOAD ./Library/sys.o
LOAD ./Library/uart.o
LOAD ./CMSIS/GCC/_syscalls.o
LOAD ./CMSIS/GCC/startup_M0564.o
LOAD ./CMSIS/system_M0564.o
START GROUP
LOAD c:/users/natar/onedrive/documents/venkiworkspace/10 2021.10/bin/../lib/gcc/arm-none-eabi/10.3.1/thumb/v6-m/nofp\libgcc.a
LOAD c:/users/natar/onedrive/documents/venkiworkspace/10 2021.10/bin/../lib/gcc/arm-none-eabi/10.3.1/../../../../arm-none-eabi/lib/thumb/v6-m/nofp\libg_nano.a
LOAD c:/users/natar/onedrive/documents/venkiworkspace/10 2021.10/bin/../lib/gcc/arm-none-eabi/10.3.1/../../../../arm-none-eabi/lib/thumb/v6-m/nofp\libc_nano.a
END GROUP
START GROUP
LOAD c:/users/natar/onedrive/documents/venkiworkspace/10 2021.10/bin/../lib/gcc/arm-none-eabi/10.3.1/thumb/v6-m/nofp\libgcc.a
LOAD c:/users/natar/onedrive/documents/venkiworkspace/10 2021.10/bin/../lib/gcc/arm-none-eabi/10.3.1/../../../../arm-none-eabi/lib/thumb/v6-m/nofp\libc_nano.a
END GROUP
LOAD c:/users/natar/onedrive/documents/venkiworkspace/10 2021.10/bin/../lib/gcc/arm-none-eabi/10.3.1/thumb/v6-m/nofp/crtend.o
LOAD c:/users/natar/onedrive/documents/venkiworkspace/10 2021.10/bin/../lib/gcc/arm-none-eabi/10.3.1/thumb/v6-m/nofp/crtn.o
START GROUP
LOAD c:/users/natar/onedrive/documents/venkiworkspace/10 2021.10/bin/../lib/gcc/arm-none-eabi/10.3.1/thumb/v6-m/nofp\libgcc.a
LOAD c:/users/natar/onedrive/documents/venkiworkspace/10 2021.10/bin/../lib/gcc/arm-none-eabi/10.3.1/../../../../arm-none-eabi/lib/thumb/v6-m/nofp\libc.a
LOAD c:/users/natar/onedrive/documents/venkiworkspace/10 2021.10/bin/../lib/gcc/arm-none-eabi/10.3.1/../../../../arm-none-eabi/lib/thumb/v6-m/nofp\libm.a
LOAD c:/users/natar/onedrive/documents/venkiworkspace/10 2021.10/bin/../lib/gcc/arm-none-eabi/10.3.1/../../../../arm-none-eabi/lib/thumb/v6-m/nofp\libnosys.a
END GROUP

.text           0x00000000     0x289c
 *(.vectors)
 .vectors       0x00000000       0xbc ./CMSIS/GCC/startup_M0564.o
                0x00000000                __Vectors
                0x000000bc                __Vectors_End = .
                0x000000bc                __Vectors_Size = (__Vectors_End - __Vectors)
                0x20000118                __end__ = .
 *(.text*)
 .text          0x000000bc       0x48 c:/users/natar/onedrive/documents/venkiworkspace/10 2021.10/bin/../lib/gcc/arm-none-eabi/10.3.1/thumb/v6-m/nofp/crtbegin.o
 .text          0x00000104       0x80 c:/users/natar/onedrive/documents/venkiworkspace/10 2021.10/bin/../lib/gcc/arm-none-eabi/10.3.1/../../../../arm-none-eabi/lib/thumb/v6-m/nofp/crt0.o
                0x00000104                _stack_init
                0x00000110                _start
                0x00000110                _mainCRTStartup
 .text.GPIO_SetMode
                0x00000184       0x2a ./User/gpio.o
                0x00000184                GPIO_SetMode
 .text.GPIO_EnableInt
                0x000001ae       0x1a ./User/gpio.o
                0x000001ae                GPIO_EnableInt
 .text.I2C_MasterRx
                0x000001c8      0x140 ./User/main.o
                0x000001c8                I2C_MasterRx
 .text.I2C_MasterTx
                0x00000308       0xc0 ./User/main.o
                0x00000308                I2C_MasterTx
 .text.I2C0_IRQHandler
                0x000003c8       0x2c ./User/main.o
                0x000003c8                I2C0_IRQHandler
 .text.UART2_Init
                0x000003f4       0x30 ./User/main.o
                0x000003f4                UART2_Init
 .text.SYS_Init
                0x00000424       0xc0 ./User/main.o
                0x00000424                SYS_Init
 .text.I2C0_Init
                0x000004e4       0x40 ./User/main.o
                0x000004e4                I2C0_Init
 .text.ICM_ReadReg
                0x00000524       0xb0 ./User/main.o
                0x00000524                ICM_ReadReg
 .text.ICM_WriteReg
                0x000005d4       0x58 ./User/main.o
                0x000005d4                ICM_WriteReg
 .text.GPCDEF_IRQHandler
                0x0000062c       0x1c ./User/main.o
                0x0000062c                GPCDEF_IRQHandler
 .text.calibrtion_of_the_geo_scope
                0x00000648       0x78 ./User/main.o
                0x00000648                calibrtion_of_the_geo_scope
 .text.i2c_acc_lo_meter
                0x000006c0      0x1f0 ./User/main.o
                0x000006c0                i2c_acc_lo_meter
 .text.main     0x000008b0       0xbc ./User/main.o
                0x000008b0                main
 .text.TIMER_GetModuleClock
                0x0000096c       0x84 ./User/timer.o
                0x0000096c                TIMER_GetModuleClock
 .text.TIMER_Delay
                0x000009f0       0xac ./User/timer.o
                0x000009f0                TIMER_Delay
 .text.CLK_GetPCLK0Freq
                0x00000a9c       0x24 ./Library/clk.o
                0x00000a9c                CLK_GetPCLK0Freq
 .text.CLK_GetPCLK1Freq
                0x00000ac0       0x24 ./Library/clk.o
                0x00000ac0                CLK_GetPCLK1Freq
 .text.CLK_SetModuleClock
                0x00000ae4       0x84 ./Library/clk.o
                0x00000ae4                CLK_SetModuleClock
 .text.CLK_EnableXtalRC
                0x00000b68       0x10 ./Library/clk.o
                0x00000b68                CLK_EnableXtalRC
 .text.CLK_EnableModuleClock
                0x00000b78       0x38 ./Library/clk.o
                0x00000b78                CLK_EnableModuleClock
 .text.CLK_DisablePLL
                0x00000bb0       0x14 ./Library/clk.o
                0x00000bb0                CLK_DisablePLL
 .text.CLK_WaitClockReady
                0x00000bc4       0x28 ./Library/clk.o
                0x00000bc4                CLK_WaitClockReady
 .text.CLK_SetHCLK
                0x00000bec       0x4c ./Library/clk.o
                0x00000bec                CLK_SetHCLK
 .text.CLK_EnablePLL
                0x00000c38      0x1bc ./Library/clk.o
                0x00000c38                CLK_EnablePLL
 .text.CLK_SetCoreClock
                0x00000df4       0x90 ./Library/clk.o
                0x00000df4                CLK_SetCoreClock
 .text.I2C_Open
                0x00000e84       0x48 ./Library/i2c.o
                0x00000e84                I2C_Open
 .text.I2C_ClearTimeoutFlag
                0x00000ecc        0xa ./Library/i2c.o
                0x00000ecc                I2C_ClearTimeoutFlag
 .text.I2C_EnableInt
                0x00000ed6        0xa ./Library/i2c.o
                0x00000ed6                I2C_EnableInt
 .text.I2C_SetSlaveAddr
                0x00000ee0       0x2c ./Library/i2c.o
                0x00000ee0                I2C_SetSlaveAddr
 .text.stackDump
                0x00000f0c       0x68 ./Library/retarget.o
 .text.Hard_Fault_Handler
                0x00000f74       0x18 ./Library/retarget.o
                0x00000f74                Hard_Fault_Handler
 .text.HardFault_Handler
                0x00000f8c       0x20 ./Library/retarget.o
                0x00000f8c                HardFault_Handler
 .text._write   0x00000fac       0x40 ./Library/retarget.o
                0x00000fac                _write
 .text._read    0x00000fec       0x18 ./Library/retarget.o
                0x00000fec                _read
 .text.UART_EnableInt
                0x00001004       0x3c ./Library/uart.o
                0x00001004                UART_EnableInt
 .text.UART_Write
                0x00001040       0x36 ./Library/uart.o
                0x00001040                UART_Write
 .text._close   0x00001076       0x10 ./CMSIS/GCC/_syscalls.o
                0x00001076                _close
 .text._fstat   0x00001086       0x10 ./CMSIS/GCC/_syscalls.o
                0x00001086                _fstat
 .text._isatty  0x00001096        0xe ./CMSIS/GCC/_syscalls.o
                0x00001096                _isatty
 .text._lseek   0x000010a4       0x10 ./CMSIS/GCC/_syscalls.o
                0x000010a4                _lseek
 .text          0x000010b4       0x34 ./CMSIS/GCC/startup_M0564.o
                0x000010b4                Reset_Handler
                0x000010dc                SysTick_Handler
                0x000010dc                PWM1_IRQHandler
                0x000010dc                PendSV_Handler
                0x000010dc                NMI_Handler
                0x000010dc                I2C1_IRQHandler
                0x000010dc                UART1_IRQHandler
                0x000010dc                EINT135_IRQHandler
                0x000010dc                SPI1_IRQHandler
                0x000010dc                TMR0_IRQHandler
                0x000010dc                EINT024_IRQHandler
                0x000010dc                RTC_IRQHandler
                0x000010dc                PWRWU_IRQHandler
                0x000010dc                ACMP01_IRQHandler
                0x000010dc                SC01_IRQHandler
                0x000010dc                Default_Handler
                0x000010dc                ADC_IRQHandler
                0x000010dc                TMR2_IRQHandler
                0x000010dc                USCI_IRQHandler
                0x000010dc                BOD_IRQHandler
                0x000010dc                UART02_IRQHandler
                0x000010dc                WDT_IRQHandler
                0x000010dc                SVC_Handler
                0x000010dc                PDMA_IRQHandler
                0x000010dc                GPAB_IRQHandler
                0x000010dc                PWM0_IRQHandler
                0x000010dc                TMR3_IRQHandler
                0x000010dc                SPI0_IRQHandler
                0x000010dc                TMR1_IRQHandler
                0x000010dc                CLKDIRC_IRQHandler
 .text.SystemCoreClockUpdate
                0x000010e8       0xac ./CMSIS/system_M0564.o
                0x000010e8                SystemCoreClockUpdate
 .text.SystemInit
                0x00001194        0x2 ./CMSIS/system_M0564.o
                0x00001194                SystemInit
 *fill*         0x00001196        0x2 
 .text          0x00001198      0x114 c:/users/natar/onedrive/documents/venkiworkspace/10 2021.10/bin/../lib/gcc/arm-none-eabi/10.3.1/thumb/v6-m/nofp\libgcc.a(_udivsi3.o)
                0x00001198                __aeabi_uidiv
                0x00001198                __udivsi3
                0x000012a4                __aeabi_uidivmod
 .text          0x000012ac      0x1d4 c:/users/natar/onedrive/documents/venkiworkspace/10 2021.10/bin/../lib/gcc/arm-none-eabi/10.3.1/thumb/v6-m/nofp\libgcc.a(_divsi3.o)
                0x000012ac                __divsi3
                0x000012ac                __aeabi_idiv
                0x00001478                __aeabi_idivmod
 .text          0x00001480        0x4 c:/users/natar/onedrive/documents/venkiworkspace/10 2021.10/bin/../lib/gcc/arm-none-eabi/10.3.1/thumb/v6-m/nofp\libgcc.a(_dvmd_tls.o)
                0x00001480                __aeabi_idiv0
                0x00001480                __aeabi_ldiv0
 .text.__errno  0x00001484        0xc c:/users/natar/onedrive/documents/venkiworkspace/10 2021.10/bin/../lib/gcc/arm-none-eabi/10.3.1/../../../../arm-none-eabi/lib/thumb/v6-m/nofp\libg_nano.a(lib_a-errno.o)
                0x00001484                __errno
 .text.exit     0x00001490       0x2c c:/users/natar/onedrive/documents/venkiworkspace/10 2021.10/bin/../lib/gcc/arm-none-eabi/10.3.1/../../../../arm-none-eabi/lib/thumb/v6-m/nofp\libg_nano.a(lib_a-exit.o)
                0x00001490                exit
 .text.__libc_init_array
                0x000014bc       0x48 c:/users/natar/onedrive/documents/venkiworkspace/10 2021.10/bin/../lib/gcc/arm-none-eabi/10.3.1/../../../../arm-none-eabi/lib/thumb/v6-m/nofp\libg_nano.a(lib_a-init.o)
                0x000014bc                __libc_init_array
 .text.__itoa   0x00001504       0x30 c:/users/natar/onedrive/documents/venkiworkspace/10 2021.10/bin/../lib/gcc/arm-none-eabi/10.3.1/../../../../arm-none-eabi/lib/thumb/v6-m/nofp\libg_nano.a(lib_a-itoa.o)
                0x00001504                __itoa
 .text.itoa     0x00001534        0x8 c:/users/natar/onedrive/documents/venkiworkspace/10 2021.10/bin/../lib/gcc/arm-none-eabi/10.3.1/../../../../arm-none-eabi/lib/thumb/v6-m/nofp\libg_nano.a(lib_a-itoa.o)
                0x00001534                itoa
 .text.memset   0x0000153c       0x10 c:/users/natar/onedrive/documents/venkiworkspace/10 2021.10/bin/../lib/gcc/arm-none-eabi/10.3.1/../../../../arm-none-eabi/lib/thumb/v6-m/nofp\libg_nano.a(lib_a-memset.o)
                0x0000153c                memset
 .text.printf   0x0000154c       0x34 c:/users/natar/onedrive/documents/venkiworkspace/10 2021.10/bin/../lib/gcc/arm-none-eabi/10.3.1/../../../../arm-none-eabi/lib/thumb/v6-m/nofp\libg_nano.a(lib_a-printf.o)
                0x0000154c                iprintf
                0x0000154c                printf
 .text._puts_r  0x00001580       0xe4 c:/users/natar/onedrive/documents/venkiworkspace/10 2021.10/bin/../lib/gcc/arm-none-eabi/10.3.1/../../../../arm-none-eabi/lib/thumb/v6-m/nofp\libg_nano.a(lib_a-puts.o)
                0x00001580                _puts_r
 .text.puts     0x00001664       0x14 c:/users/natar/onedrive/documents/venkiworkspace/10 2021.10/bin/../lib/gcc/arm-none-eabi/10.3.1/../../../../arm-none-eabi/lib/thumb/v6-m/nofp\libg_nano.a(lib_a-puts.o)
                0x00001664                puts
 .text.__utoa   0x00001678       0x6c c:/users/natar/onedrive/documents/venkiworkspace/10 2021.10/bin/../lib/gcc/arm-none-eabi/10.3.1/../../../../arm-none-eabi/lib/thumb/v6-m/nofp\libg_nano.a(lib_a-utoa.o)
                0x00001678                __utoa
 .text.__swbuf_r
                0x000016e4       0xac c:/users/natar/onedrive/documents/venkiworkspace/10 2021.10/bin/../lib/gcc/arm-none-eabi/10.3.1/../../../../arm-none-eabi/lib/thumb/v6-m/nofp\libg_nano.a(lib_a-wbuf.o)
                0x000016e4                __swbuf_r
 .text.__swsetup_r
                0x00001790       0xf0 c:/users/natar/onedrive/documents/venkiworkspace/10 2021.10/bin/../lib/gcc/arm-none-eabi/10.3.1/../../../../arm-none-eabi/lib/thumb/v6-m/nofp\libg_nano.a(lib_a-wsetup.o)
                0x00001790                __swsetup_r
 .text.__sflush_r
                0x00001880      0x118 c:/users/natar/onedrive/documents/venkiworkspace/10 2021.10/bin/../lib/gcc/arm-none-eabi/10.3.1/../../../../arm-none-eabi/lib/thumb/v6-m/nofp\libg_nano.a(lib_a-fflush.o)
                0x00001880                __sflush_r
 .text._fflush_r
                0x00001998       0x80 c:/users/natar/onedrive/documents/venkiworkspace/10 2021.10/bin/../lib/gcc/arm-none-eabi/10.3.1/../../../../arm-none-eabi/lib/thumb/v6-m/nofp\libg_nano.a(lib_a-fflush.o)
                0x00001998                _fflush_r
 .text.std      0x00001a18       0x48 c:/users/natar/onedrive/documents/venkiworkspace/10 2021.10/bin/../lib/gcc/arm-none-eabi/10.3.1/../../../../arm-none-eabi/lib/thumb/v6-m/nofp\libg_nano.a(lib_a-findfp.o)
 .text._cleanup_r
                0x00001a60       0x10 c:/users/natar/onedrive/documents/venkiworkspace/10 2021.10/bin/../lib/gcc/arm-none-eabi/10.3.1/../../../../arm-none-eabi/lib/thumb/v6-m/nofp\libg_nano.a(lib_a-findfp.o)
                0x00001a60                _cleanup_r
 .text.__sfmoreglue
                0x00001a70       0x2c c:/users/natar/onedrive/documents/venkiworkspace/10 2021.10/bin/../lib/gcc/arm-none-eabi/10.3.1/../../../../arm-none-eabi/lib/thumb/v6-m/nofp\libg_nano.a(lib_a-findfp.o)
                0x00001a70                __sfmoreglue
 .text.__sfp_lock_acquire
                0x00001a9c       0x10 c:/users/natar/onedrive/documents/venkiworkspace/10 2021.10/bin/../lib/gcc/arm-none-eabi/10.3.1/../../../../arm-none-eabi/lib/thumb/v6-m/nofp\libg_nano.a(lib_a-findfp.o)
                0x00001a9c                __sfp_lock_acquire
 .text.__sfp_lock_release
                0x00001aac       0x10 c:/users/natar/onedrive/documents/venkiworkspace/10 2021.10/bin/../lib/gcc/arm-none-eabi/10.3.1/../../../../arm-none-eabi/lib/thumb/v6-m/nofp\libg_nano.a(lib_a-findfp.o)
                0x00001aac                __sfp_lock_release
 .text.__sinit_lock_acquire
                0x00001abc       0x10 c:/users/natar/onedrive/documents/venkiworkspace/10 2021.10/bin/../lib/gcc/arm-none-eabi/10.3.1/../../../../arm-none-eabi/lib/thumb/v6-m/nofp\libg_nano.a(lib_a-findfp.o)
                0x00001abc                __sinit_lock_acquire
 .text.__sinit_lock_release
                0x00001acc       0x10 c:/users/natar/onedrive/documents/venkiworkspace/10 2021.10/bin/../lib/gcc/arm-none-eabi/10.3.1/../../../../arm-none-eabi/lib/thumb/v6-m/nofp\libg_nano.a(lib_a-findfp.o)
                0x00001acc                __sinit_lock_release
 .text.__sinit  0x00001adc       0x70 c:/users/natar/onedrive/documents/venkiworkspace/10 2021.10/bin/../lib/gcc/arm-none-eabi/10.3.1/../../../../arm-none-eabi/lib/thumb/v6-m/nofp\libg_nano.a(lib_a-findfp.o)
                0x00001adc                __sinit
 .text.__sfp    0x00001b4c       0x90 c:/users/natar/onedrive/documents/venkiworkspace/10 2021.10/bin/../lib/gcc/arm-none-eabi/10.3.1/../../../../arm-none-eabi/lib/thumb/v6-m/nofp\libg_nano.a(lib_a-findfp.o)
                0x00001b4c                __sfp
 .text._fwalk_reent
                0x00001bdc       0x40 c:/users/natar/onedrive/documents/venkiworkspace/10 2021.10/bin/../lib/gcc/arm-none-eabi/10.3.1/../../../../arm-none-eabi/lib/thumb/v6-m/nofp\libg_nano.a(lib_a-fwalk.o)
                0x00001bdc                _fwalk_reent
 .text.__retarget_lock_init_recursive
                0x00001c1c        0x2 c:/users/natar/onedrive/documents/venkiworkspace/10 2021.10/bin/../lib/gcc/arm-none-eabi/10.3.1/../../../../arm-none-eabi/lib/thumb/v6-m/nofp\libg_nano.a(lib_a-lock.o)
                0x00001c1c                __retarget_lock_init_recursive
 .text.__retarget_lock_acquire_recursive
                0x00001c1e        0x2 c:/users/natar/onedrive/documents/venkiworkspace/10 2021.10/bin/../lib/gcc/arm-none-eabi/10.3.1/../../../../arm-none-eabi/lib/thumb/v6-m/nofp\libg_nano.a(lib_a-lock.o)
                0x00001c1e                __retarget_lock_acquire_recursive
 .text.__retarget_lock_release_recursive
                0x00001c20        0x2 c:/users/natar/onedrive/documents/venkiworkspace/10 2021.10/bin/../lib/gcc/arm-none-eabi/10.3.1/../../../../arm-none-eabi/lib/thumb/v6-m/nofp\libg_nano.a(lib_a-lock.o)
                0x00001c20                __retarget_lock_release_recursive
 *fill*         0x00001c22        0x2 
 .text.__swhatbuf_r
                0x00001c24       0x50 c:/users/natar/onedrive/documents/venkiworkspace/10 2021.10/bin/../lib/gcc/arm-none-eabi/10.3.1/../../../../arm-none-eabi/lib/thumb/v6-m/nofp\libg_nano.a(lib_a-makebuf.o)
                0x00001c24                __swhatbuf_r
 .text.__smakebuf_r
                0x00001c74       0x88 c:/users/natar/onedrive/documents/venkiworkspace/10 2021.10/bin/../lib/gcc/arm-none-eabi/10.3.1/../../../../arm-none-eabi/lib/thumb/v6-m/nofp\libg_nano.a(lib_a-makebuf.o)
                0x00001c74                __smakebuf_r
 .text.memcpy   0x00001cfc       0x12 c:/users/natar/onedrive/documents/venkiworkspace/10 2021.10/bin/../lib/gcc/arm-none-eabi/10.3.1/../../../../arm-none-eabi/lib/thumb/v6-m/nofp\libg_nano.a(lib_a-memcpy-stub.o)
                0x00001cfc                memcpy
 *fill*         0x00001d0e        0x2 
 .text._free_r  0x00001d10       0x94 c:/users/natar/onedrive/documents/venkiworkspace/10 2021.10/bin/../lib/gcc/arm-none-eabi/10.3.1/../../../../arm-none-eabi/lib/thumb/v6-m/nofp\libg_nano.a(lib_a-nano-freer.o)
                0x00001d10                _free_r
 .text.sbrk_aligned
                0x00001da4       0x44 c:/users/natar/onedrive/documents/venkiworkspace/10 2021.10/bin/../lib/gcc/arm-none-eabi/10.3.1/../../../../arm-none-eabi/lib/thumb/v6-m/nofp\libg_nano.a(lib_a-nano-mallocr.o)
 .text._malloc_r
                0x00001de8       0xec c:/users/natar/onedrive/documents/venkiworkspace/10 2021.10/bin/../lib/gcc/arm-none-eabi/10.3.1/../../../../arm-none-eabi/lib/thumb/v6-m/nofp\libg_nano.a(lib_a-nano-mallocr.o)
                0x00001de8                _malloc_r
 .text.__sfputc_r
                0x00001ed4       0x2a c:/users/natar/onedrive/documents/venkiworkspace/10 2021.10/bin/../lib/gcc/arm-none-eabi/10.3.1/../../../../arm-none-eabi/lib/thumb/v6-m/nofp\libg_nano.a(lib_a-nano-vfprintf.o)
 .text.__sfputs_r
                0x00001efe       0x24 c:/users/natar/onedrive/documents/venkiworkspace/10 2021.10/bin/../lib/gcc/arm-none-eabi/10.3.1/../../../../arm-none-eabi/lib/thumb/v6-m/nofp\libg_nano.a(lib_a-nano-vfprintf.o)
                0x00001efe                __sfputs_r
 *fill*         0x00001f22        0x2 
 .text._vfprintf_r
                0x00001f24      0x274 c:/users/natar/onedrive/documents/venkiworkspace/10 2021.10/bin/../lib/gcc/arm-none-eabi/10.3.1/../../../../arm-none-eabi/lib/thumb/v6-m/nofp\libg_nano.a(lib_a-nano-vfprintf.o)
                0x00001f24                _vfprintf_r
                0x00001f24                _vfiprintf_r
 .text._printf_common
                0x00002198       0xde c:/users/natar/onedrive/documents/venkiworkspace/10 2021.10/bin/../lib/gcc/arm-none-eabi/10.3.1/../../../../arm-none-eabi/lib/thumb/v6-m/nofp\libg_nano.a(lib_a-nano-vfprintf_i.o)
                0x00002198                _printf_common
 *fill*         0x00002276        0x2 
 .text._printf_i
                0x00002278      0x224 c:/users/natar/onedrive/documents/venkiworkspace/10 2021.10/bin/../lib/gcc/arm-none-eabi/10.3.1/../../../../arm-none-eabi/lib/thumb/v6-m/nofp\libg_nano.a(lib_a-nano-vfprintf_i.o)
                0x00002278                _printf_i
 .text._sbrk_r  0x0000249c       0x24 c:/users/natar/onedrive/documents/venkiworkspace/10 2021.10/bin/../lib/gcc/arm-none-eabi/10.3.1/../../../../arm-none-eabi/lib/thumb/v6-m/nofp\libg_nano.a(lib_a-sbrkr.o)
                0x0000249c                _sbrk_r
 .text.__sread  0x000024c0       0x28 c:/users/natar/onedrive/documents/venkiworkspace/10 2021.10/bin/../lib/gcc/arm-none-eabi/10.3.1/../../../../arm-none-eabi/lib/thumb/v6-m/nofp\libg_nano.a(lib_a-stdio.o)
                0x000024c0                __sread
 .text.__swrite
                0x000024e8       0x38 c:/users/natar/onedrive/documents/venkiworkspace/10 2021.10/bin/../lib/gcc/arm-none-eabi/10.3.1/../../../../arm-none-eabi/lib/thumb/v6-m/nofp\libg_nano.a(lib_a-stdio.o)
                0x000024e8                __swrite
 .text.__sseek  0x00002520       0x2c c:/users/natar/onedrive/documents/venkiworkspace/10 2021.10/bin/../lib/gcc/arm-none-eabi/10.3.1/../../../../arm-none-eabi/lib/thumb/v6-m/nofp\libg_nano.a(lib_a-stdio.o)
                0x00002520                __sseek
 .text.__sclose
                0x0000254c        0xc c:/users/natar/onedrive/documents/venkiworkspace/10 2021.10/bin/../lib/gcc/arm-none-eabi/10.3.1/../../../../arm-none-eabi/lib/thumb/v6-m/nofp\libg_nano.a(lib_a-stdio.o)
                0x0000254c                __sclose
 .text._write_r
                0x00002558       0x28 c:/users/natar/onedrive/documents/venkiworkspace/10 2021.10/bin/../lib/gcc/arm-none-eabi/10.3.1/../../../../arm-none-eabi/lib/thumb/v6-m/nofp\libg_nano.a(lib_a-writer.o)
                0x00002558                _write_r
 .text._close_r
                0x00002580       0x24 c:/users/natar/onedrive/documents/venkiworkspace/10 2021.10/bin/../lib/gcc/arm-none-eabi/10.3.1/../../../../arm-none-eabi/lib/thumb/v6-m/nofp\libg_nano.a(lib_a-closer.o)
                0x00002580                _close_r
 .text._fstat_r
                0x000025a4       0x24 c:/users/natar/onedrive/documents/venkiworkspace/10 2021.10/bin/../lib/gcc/arm-none-eabi/10.3.1/../../../../arm-none-eabi/lib/thumb/v6-m/nofp\libg_nano.a(lib_a-fstatr.o)
                0x000025a4                _fstat_r
 .text._isatty_r
                0x000025c8       0x24 c:/users/natar/onedrive/documents/venkiworkspace/10 2021.10/bin/../lib/gcc/arm-none-eabi/10.3.1/../../../../arm-none-eabi/lib/thumb/v6-m/nofp\libg_nano.a(lib_a-isattyr.o)
                0x000025c8                _isatty_r
 .text._lseek_r
                0x000025ec       0x28 c:/users/natar/onedrive/documents/venkiworkspace/10 2021.10/bin/../lib/gcc/arm-none-eabi/10.3.1/../../../../arm-none-eabi/lib/thumb/v6-m/nofp\libg_nano.a(lib_a-lseekr.o)
                0x000025ec                _lseek_r
 .text.memchr   0x00002614       0x16 c:/users/natar/onedrive/documents/venkiworkspace/10 2021.10/bin/../lib/gcc/arm-none-eabi/10.3.1/../../../../arm-none-eabi/lib/thumb/v6-m/nofp\libg_nano.a(lib_a-memchr-stub.o)
                0x00002614                memchr
 *fill*         0x0000262a        0x2 
 .text.__malloc_lock
                0x0000262c       0x10 c:/users/natar/onedrive/documents/venkiworkspace/10 2021.10/bin/../lib/gcc/arm-none-eabi/10.3.1/../../../../arm-none-eabi/lib/thumb/v6-m/nofp\libg_nano.a(lib_a-mlock.o)
                0x0000262c                __malloc_lock
 .text.__malloc_unlock
                0x0000263c       0x10 c:/users/natar/onedrive/documents/venkiworkspace/10 2021.10/bin/../lib/gcc/arm-none-eabi/10.3.1/../../../../arm-none-eabi/lib/thumb/v6-m/nofp\libg_nano.a(lib_a-mlock.o)
                0x0000263c                __malloc_unlock
 .text._read_r  0x0000264c       0x28 c:/users/natar/onedrive/documents/venkiworkspace/10 2021.10/bin/../lib/gcc/arm-none-eabi/10.3.1/../../../../arm-none-eabi/lib/thumb/v6-m/nofp\libg_nano.a(lib_a-readr.o)
                0x0000264c                _read_r
 .text          0x00002674       0x14 c:/users/natar/onedrive/documents/venkiworkspace/10 2021.10/bin/../lib/gcc/arm-none-eabi/10.3.1/thumb/v6-m/nofp\libgcc.a(_thumb1_case_shi.o)
                0x00002674                __gnu_thumb1_case_shi
 .text._sbrk    0x00002688       0x1c c:/users/natar/onedrive/documents/venkiworkspace/10 2021.10/bin/../lib/gcc/arm-none-eabi/10.3.1/../../../../arm-none-eabi/lib/thumb/v6-m/nofp\libnosys.a(sbrk.o)
                0x00002688                _sbrk
 .text._exit    0x000026a4        0x4 c:/users/natar/onedrive/documents/venkiworkspace/10 2021.10/bin/../lib/gcc/arm-none-eabi/10.3.1/../../../../arm-none-eabi/lib/thumb/v6-m/nofp\libnosys.a(_exit.o)
                0x000026a4                _exit
 *(.init)
 .init          0x000026a8        0x4 c:/users/natar/onedrive/documents/venkiworkspace/10 2021.10/bin/../lib/gcc/arm-none-eabi/10.3.1/thumb/v6-m/nofp/crti.o
                0x000026a8                _init
 .init          0x000026ac        0x8 c:/users/natar/onedrive/documents/venkiworkspace/10 2021.10/bin/../lib/gcc/arm-none-eabi/10.3.1/thumb/v6-m/nofp/crtn.o
 *(.fini)
 .fini          0x000026b4        0x4 c:/users/natar/onedrive/documents/venkiworkspace/10 2021.10/bin/../lib/gcc/arm-none-eabi/10.3.1/thumb/v6-m/nofp/crti.o
                0x000026b4                _fini
 .fini          0x000026b8        0x8 c:/users/natar/onedrive/documents/venkiworkspace/10 2021.10/bin/../lib/gcc/arm-none-eabi/10.3.1/thumb/v6-m/nofp/crtn.o
 *crtbegin.o(.ctors)
 *crtbegin?.o(.ctors)
 *(EXCLUDE_FILE(*crtend.o *crtend?.o) .ctors)
 *(SORT_BY_NAME(.ctors.*))
 *(.ctors)
 *crtbegin.o(.dtors)
 *crtbegin?.o(.dtors)
 *(EXCLUDE_FILE(*crtend.o *crtend?.o) .dtors)
 *(SORT_BY_NAME(.dtors.*))
 *(.dtors)
 *(.rodata*)
 .rodata.i2c_acc_lo_meter.str1.4
                0x000026c0       0x2e ./User/main.o
 *fill*         0x000026ee        0x2 
 .rodata.main.str1.4
                0x000026f0       0x12 ./User/main.o
 *fill*         0x00002702        0x2 
 .rodata        0x00002704       0x20 ./User/timer.o
 .rodata        0x00002724       0x1c ./Library/clk.o
 .rodata.stackDump.str1.4
                0x00002740       0x60 ./Library/retarget.o
 .rodata.Hard_Fault_Handler.str1.4
                0x000027a0       0x16 ./Library/retarget.o
 *fill*         0x000027b6        0x2 
 .rodata.gau32ClkSrcTbl
                0x000027b8       0x20 ./CMSIS/system_M0564.o
                0x000027b8                gau32ClkSrcTbl
 .rodata._global_impure_ptr
                0x000027d8        0x4 c:/users/natar/onedrive/documents/venkiworkspace/10 2021.10/bin/../lib/gcc/arm-none-eabi/10.3.1/../../../../arm-none-eabi/lib/thumb/v6-m/nofp\libg_nano.a(lib_a-impure.o)
                0x000027d8                _global_impure_ptr
 .rodata.__utoa.str1.1
                0x000027dc       0x25 c:/users/natar/onedrive/documents/venkiworkspace/10 2021.10/bin/../lib/gcc/arm-none-eabi/10.3.1/../../../../arm-none-eabi/lib/thumb/v6-m/nofp\libg_nano.a(lib_a-utoa.o)
 *fill*         0x00002801        0x3 
 .rodata.__sf_fake_stderr
                0x00002804       0x20 c:/users/natar/onedrive/documents/venkiworkspace/10 2021.10/bin/../lib/gcc/arm-none-eabi/10.3.1/../../../../arm-none-eabi/lib/thumb/v6-m/nofp\libg_nano.a(lib_a-findfp.o)
                0x00002804                __sf_fake_stderr
 .rodata.__sf_fake_stdin
                0x00002824       0x20 c:/users/natar/onedrive/documents/venkiworkspace/10 2021.10/bin/../lib/gcc/arm-none-eabi/10.3.1/../../../../arm-none-eabi/lib/thumb/v6-m/nofp\libg_nano.a(lib_a-findfp.o)
                0x00002824                __sf_fake_stdin
 .rodata.__sf_fake_stdout
                0x00002844       0x20 c:/users/natar/onedrive/documents/venkiworkspace/10 2021.10/bin/../lib/gcc/arm-none-eabi/10.3.1/../../../../arm-none-eabi/lib/thumb/v6-m/nofp\libg_nano.a(lib_a-findfp.o)
                0x00002844                __sf_fake_stdout
 .rodata._vfprintf_r.str1.1
                0x00002864       0x11 c:/users/natar/onedrive/documents/venkiworkspace/10 2021.10/bin/../lib/gcc/arm-none-eabi/10.3.1/../../../../arm-none-eabi/lib/thumb/v6-m/nofp\libg_nano.a(lib_a-nano-vfprintf.o)
 .rodata._printf_i.str1.1
                0x00002875       0x22 c:/users/natar/onedrive/documents/venkiworkspace/10 2021.10/bin/../lib/gcc/arm-none-eabi/10.3.1/../../../../arm-none-eabi/lib/thumb/v6-m/nofp\libg_nano.a(lib_a-nano-vfprintf_i.o)
 *(.eh_frame*)
 *fill*         0x00002897        0x1 
 .eh_frame      0x00002898        0x0 c:/users/natar/onedrive/documents/venkiworkspace/10 2021.10/bin/../lib/gcc/arm-none-eabi/10.3.1/thumb/v6-m/nofp/crtbegin.o
 .eh_frame      0x00002898        0x4 c:/users/natar/onedrive/documents/venkiworkspace/10 2021.10/bin/../lib/gcc/arm-none-eabi/10.3.1/thumb/v6-m/nofp/crtend.o

.glue_7         0x0000289c        0x0
 .glue_7        0x0000289c        0x0 linker stubs

.glue_7t        0x0000289c        0x0
 .glue_7t       0x0000289c        0x0 linker stubs

.vfp11_veneer   0x0000289c        0x0
 .vfp11_veneer  0x0000289c        0x0 linker stubs

.v4_bx          0x0000289c        0x0
 .v4_bx         0x0000289c        0x0 linker stubs

.iplt           0x0000289c        0x0
 .iplt          0x0000289c        0x0 c:/users/natar/onedrive/documents/venkiworkspace/10 2021.10/bin/../lib/gcc/arm-none-eabi/10.3.1/thumb/v6-m/nofp/crtbegin.o

.ARM.extab
 *(.ARM.extab* .gnu.linkonce.armextab.*)
                0x0000289c                __exidx_start = .

.ARM.exidx      0x0000289c        0x8
 *(.ARM.exidx* .gnu.linkonce.armexidx.*)
 .ARM.exidx     0x0000289c        0x8 c:/users/natar/onedrive/documents/venkiworkspace/10 2021.10/bin/../lib/gcc/arm-none-eabi/10.3.1/../../../../arm-none-eabi/lib/thumb/v6-m/nofp/crt0.o
                                 0x10 (size before relaxing)
                0x000028a4                __exidx_end = .
                0x000028a4                __etext = .

.rel.dyn        0x000028a4        0x0
 .rel.iplt      0x000028a4        0x0 c:/users/natar/onedrive/documents/venkiworkspace/10 2021.10/bin/../lib/gcc/arm-none-eabi/10.3.1/thumb/v6-m/nofp/crtbegin.o

.data           0x20000000       0x7c load address 0x000028a4
                0x20000000                __data_start__ = .
 *(vtable)
 *(.data*)
 .data.caibrtion_value
                0x20000000        0x1 ./User/main.o
                0x20000000                caibrtion_value
 .data.data     0x20000001        0x1 ./User/main.o
                0x20000001                data
 *fill*         0x20000002        0x2 
 .data.CyclesPerUs
                0x20000004        0x4 ./CMSIS/system_M0564.o
                0x20000004                CyclesPerUs
 .data.PllClock
                0x20000008        0x4 ./CMSIS/system_M0564.o
                0x20000008                PllClock
 .data.SystemCoreClock
                0x2000000c        0x4 ./CMSIS/system_M0564.o
                0x2000000c                SystemCoreClock
 .data._impure_ptr
                0x20000010        0x4 c:/users/natar/onedrive/documents/venkiworkspace/10 2021.10/bin/../lib/gcc/arm-none-eabi/10.3.1/../../../../arm-none-eabi/lib/thumb/v6-m/nofp\libg_nano.a(lib_a-impure.o)
                0x20000010                _impure_ptr
 .data.impure_data
                0x20000014       0x60 c:/users/natar/onedrive/documents/venkiworkspace/10 2021.10/bin/../lib/gcc/arm-none-eabi/10.3.1/../../../../arm-none-eabi/lib/thumb/v6-m/nofp\libg_nano.a(lib_a-impure.o)
                0x20000074                . = ALIGN (0x4)
                0x20000074                PROVIDE (__preinit_array_start = .)
 *(.preinit_array)
                0x20000074                PROVIDE (__preinit_array_end = .)
                0x20000074                . = ALIGN (0x4)
                0x20000074                PROVIDE (__init_array_start = .)
 *(SORT_BY_NAME(.init_array.*))
 *(.init_array)
 .init_array    0x20000074        0x4 c:/users/natar/onedrive/documents/venkiworkspace/10 2021.10/bin/../lib/gcc/arm-none-eabi/10.3.1/thumb/v6-m/nofp/crtbegin.o
                0x20000078                PROVIDE (__init_array_end = .)
                0x20000078                . = ALIGN (0x4)
                [!provide]                PROVIDE (__fini_array_start = .)
 *(SORT_BY_NAME(.fini_array.*))
 *(.fini_array)
 .fini_array    0x20000078        0x4 c:/users/natar/onedrive/documents/venkiworkspace/10 2021.10/bin/../lib/gcc/arm-none-eabi/10.3.1/thumb/v6-m/nofp/crtbegin.o
                [!provide]                PROVIDE (__fini_array_end = .)
 *(.jcr*)
                0x2000007c                . = ALIGN (0x4)
                0x2000007c                __data_end__ = .

.igot.plt       0x2000007c        0x0 load address 0x00002920
 .igot.plt      0x2000007c        0x0 c:/users/natar/onedrive/documents/venkiworkspace/10 2021.10/bin/../lib/gcc/arm-none-eabi/10.3.1/thumb/v6-m/nofp/crtbegin.o

.bss            0x2000007c       0x98 load address 0x00002920
                0x2000007c                . = ALIGN (0x4)
                0x2000007c                __bss_start__ = .
 *(.bss*)
 .bss           0x2000007c       0x1c c:/users/natar/onedrive/documents/venkiworkspace/10 2021.10/bin/../lib/gcc/arm-none-eabi/10.3.1/thumb/v6-m/nofp/crtbegin.o
 .bss.buffer    0x20000098        0xa ./User/main.o
                0x20000098                buffer
 *fill*         0x200000a2        0x2 
 .bss.buffer1   0x200000a4        0x3 ./User/main.o
                0x200000a4                buffer1
 .bss.calibrtion_counter
                0x200000a7        0x1 ./User/main.o
                0x200000a7                calibrtion_counter
 .bss.count     0x200000a8        0x1 ./User/main.o
                0x200000a8                count
 *fill*         0x200000a9        0x3 
 .bss.g_au8MstTxData
                0x200000ac        0x6 ./User/main.o
                0x200000ac                g_au8MstTxData
 .bss.g_u8DeviceAddr
                0x200000b2        0x1 ./User/main.o
                0x200000b2                g_u8DeviceAddr
 .bss.g_u8MstDataLen
                0x200000b3        0x1 ./User/main.o
                0x200000b3                g_u8MstDataLen
 .bss.g_u8MstEndFlag
                0x200000b4        0x1 ./User/main.o
                0x200000b4                g_u8MstEndFlag
 *fill*         0x200000b5        0x3 
 .bss.g_u8MstRxData
                0x200000b8       0x32 ./User/main.o
                0x200000b8                g_u8MstRxData
 .bss.geo_x_axis
                0x200000ea        0x2 ./User/main.o
                0x200000ea                geo_x_axis
 .bss.geo_x_axis_x
                0x200000ec        0x2 ./User/main.o
                0x200000ec                geo_x_axis_x
 .bss.geo_y_axis
                0x200000ee        0x2 ./User/main.o
                0x200000ee                geo_y_axis
 .bss.geo_y_axis_y
                0x200000f0        0x2 ./User/main.o
                0x200000f0                geo_y_axis_y
 .bss.geo_z_axis
                0x200000f2        0x2 ./User/main.o
                0x200000f2                geo_z_axis
 .bss.geo_z_axis_z
                0x200000f4        0x2 ./User/main.o
                0x200000f4                geo_z_axis_z
 .bss.int_status
                0x200000f6        0x1 ./User/main.o
                0x200000f6                int_status
 .bss.lenth_data
                0x200000f7        0x1 ./User/main.o
                0x200000f7                lenth_data
 .bss.s_I2C0HandlerFn
                0x200000f8        0x4 ./User/main.o
 .bss.who       0x200000fc        0x1 ./User/main.o
                0x200000fc                who
 *fill*         0x200000fd        0x3 
 .bss.errno     0x20000100        0x4 ./CMSIS/GCC/_syscalls.o
                0x20000100                errno
 .bss.__lock___malloc_recursive_mutex
                0x20000104        0x1 c:/users/natar/onedrive/documents/venkiworkspace/10 2021.10/bin/../lib/gcc/arm-none-eabi/10.3.1/../../../../arm-none-eabi/lib/thumb/v6-m/nofp\libg_nano.a(lib_a-lock.o)
                0x20000104                __lock___malloc_recursive_mutex
 .bss.__lock___sfp_recursive_mutex
                0x20000105        0x1 c:/users/natar/onedrive/documents/venkiworkspace/10 2021.10/bin/../lib/gcc/arm-none-eabi/10.3.1/../../../../arm-none-eabi/lib/thumb/v6-m/nofp\libg_nano.a(lib_a-lock.o)
                0x20000105                __lock___sfp_recursive_mutex
 .bss.__lock___sinit_recursive_mutex
                0x20000106        0x1 c:/users/natar/onedrive/documents/venkiworkspace/10 2021.10/bin/../lib/gcc/arm-none-eabi/10.3.1/../../../../arm-none-eabi/lib/thumb/v6-m/nofp\libg_nano.a(lib_a-lock.o)
                0x20000106                __lock___sinit_recursive_mutex
 *fill*         0x20000107        0x1 
 .bss.__malloc_free_list
                0x20000108        0x4 c:/users/natar/onedrive/documents/venkiworkspace/10 2021.10/bin/../lib/gcc/arm-none-eabi/10.3.1/../../../../arm-none-eabi/lib/thumb/v6-m/nofp\libg_nano.a(lib_a-nano-mallocr.o)
                0x20000108                __malloc_free_list
 .bss.__malloc_sbrk_start
                0x2000010c        0x4 c:/users/natar/onedrive/documents/venkiworkspace/10 2021.10/bin/../lib/gcc/arm-none-eabi/10.3.1/../../../../arm-none-eabi/lib/thumb/v6-m/nofp\libg_nano.a(lib_a-nano-mallocr.o)
                0x2000010c                __malloc_sbrk_start
 .bss.heap_end.0
                0x20000110        0x4 c:/users/natar/onedrive/documents/venkiworkspace/10 2021.10/bin/../lib/gcc/arm-none-eabi/10.3.1/../../../../arm-none-eabi/lib/thumb/v6-m/nofp\libnosys.a(sbrk.o)
 *(COMMON)
                0x20000114                . = ALIGN (0x4)
                0x20000114                __bss_end__ = .

.heap           0x20000118      0x100
                0x20000118                __HeapBase = .
                0x20000118                __end__ = .
                0x20000118                end = __end__
 *(.heap*)
 .heap          0x20000118      0x100 ./CMSIS/GCC/startup_M0564.o
                0x20000218                __HeapLimit = .

.stack_dummy    0x20000118      0x400
 *(.stack*)
 .stack         0x20000118      0x400 ./CMSIS/GCC/startup_M0564.o
                0x20005000                __StackTop = (ORIGIN (RAM) + LENGTH (RAM))
                0x20004c00                __StackLimit = (__StackTop - SIZEOF (.stack_dummy))
                0x20005000                PROVIDE (__stack = __StackTop)
                0x00000001                ASSERT ((__StackLimit >= __HeapLimit), region RAM overflowed with stack)
OUTPUT(i2c_dws_system.elf elf32-littlearm)
LOAD linker stubs

.ARM.attributes
                0x00000000       0x28
 .ARM.attributes
                0x00000000       0x1e c:/users/natar/onedrive/documents/venkiworkspace/10 2021.10/bin/../lib/gcc/arm-none-eabi/10.3.1/thumb/v6-m/nofp/crti.o
 .ARM.attributes
                0x0000001e       0x2c c:/users/natar/onedrive/documents/venkiworkspace/10 2021.10/bin/../lib/gcc/arm-none-eabi/10.3.1/thumb/v6-m/nofp/crtbegin.o
 .ARM.attributes
                0x0000004a       0x1b c:/users/natar/onedrive/documents/venkiworkspace/10 2021.10/bin/../lib/gcc/arm-none-eabi/10.3.1/../../../../arm-none-eabi/lib/thumb/v6-m/nofp/crt0.o
 .ARM.attributes
                0x00000065       0x2c ./User/gpio.o
 .ARM.attributes
                0x00000091       0x2c ./User/main.o
 .ARM.attributes
                0x000000bd       0x2c ./User/timer.o
 .ARM.attributes
                0x000000e9       0x2c ./Library/clk.o
 .ARM.attributes
                0x00000115       0x2c ./Library/i2c.o
 .ARM.attributes
                0x00000141       0x2c ./Library/retarget.o
 .ARM.attributes
                0x0000016d       0x2c ./Library/uart.o
 .ARM.attributes
                0x00000199       0x2c ./CMSIS/GCC/_syscalls.o
 .ARM.attributes
                0x000001c5       0x1b ./CMSIS/GCC/startup_M0564.o
 .ARM.attributes
                0x000001e0       0x2c ./CMSIS/system_M0564.o
 .ARM.attributes
                0x0000020c       0x1e c:/users/natar/onedrive/documents/venkiworkspace/10 2021.10/bin/../lib/gcc/arm-none-eabi/10.3.1/thumb/v6-m/nofp\libgcc.a(_udivsi3.o)
 .ARM.attributes
                0x0000022a       0x1e c:/users/natar/onedrive/documents/venkiworkspace/10 2021.10/bin/../lib/gcc/arm-none-eabi/10.3.1/thumb/v6-m/nofp\libgcc.a(_divsi3.o)
 .ARM.attributes
                0x00000248       0x1e c:/users/natar/onedrive/documents/venkiworkspace/10 2021.10/bin/../lib/gcc/arm-none-eabi/10.3.1/thumb/v6-m/nofp\libgcc.a(_dvmd_tls.o)
 .ARM.attributes
                0x00000266       0x2c c:/users/natar/onedrive/documents/venkiworkspace/10 2021.10/bin/../lib/gcc/arm-none-eabi/10.3.1/../../../../arm-none-eabi/lib/thumb/v6-m/nofp\libg_nano.a(lib_a-errno.o)
 .ARM.attributes
                0x00000292       0x2c c:/users/natar/onedrive/documents/venkiworkspace/10 2021.10/bin/../lib/gcc/arm-none-eabi/10.3.1/../../../../arm-none-eabi/lib/thumb/v6-m/nofp\libg_nano.a(lib_a-exit.o)
 .ARM.attributes
                0x000002be       0x2c c:/users/natar/onedrive/documents/venkiworkspace/10 2021.10/bin/../lib/gcc/arm-none-eabi/10.3.1/../../../../arm-none-eabi/lib/thumb/v6-m/nofp\libg_nano.a(lib_a-impure.o)
 .ARM.attributes
                0x000002ea       0x2c c:/users/natar/onedrive/documents/venkiworkspace/10 2021.10/bin/../lib/gcc/arm-none-eabi/10.3.1/../../../../arm-none-eabi/lib/thumb/v6-m/nofp\libg_nano.a(lib_a-init.o)
 .ARM.attributes
                0x00000316       0x2c c:/users/natar/onedrive/documents/venkiworkspace/10 2021.10/bin/../lib/gcc/arm-none-eabi/10.3.1/../../../../arm-none-eabi/lib/thumb/v6-m/nofp\libg_nano.a(lib_a-itoa.o)
 .ARM.attributes
                0x00000342       0x2c c:/users/natar/onedrive/documents/venkiworkspace/10 2021.10/bin/../lib/gcc/arm-none-eabi/10.3.1/../../../../arm-none-eabi/lib/thumb/v6-m/nofp\libg_nano.a(lib_a-memset.o)
 .ARM.attributes
                0x0000036e       0x2c c:/users/natar/onedrive/documents/venkiworkspace/10 2021.10/bin/../lib/gcc/arm-none-eabi/10.3.1/../../../../arm-none-eabi/lib/thumb/v6-m/nofp\libg_nano.a(lib_a-printf.o)
 .ARM.attributes
                0x0000039a       0x2c c:/users/natar/onedrive/documents/venkiworkspace/10 2021.10/bin/../lib/gcc/arm-none-eabi/10.3.1/../../../../arm-none-eabi/lib/thumb/v6-m/nofp\libg_nano.a(lib_a-puts.o)
 .ARM.attributes
                0x000003c6       0x2c c:/users/natar/onedrive/documents/venkiworkspace/10 2021.10/bin/../lib/gcc/arm-none-eabi/10.3.1/../../../../arm-none-eabi/lib/thumb/v6-m/nofp\libg_nano.a(lib_a-utoa.o)
 .ARM.attributes
                0x000003f2       0x2c c:/users/natar/onedrive/documents/venkiworkspace/10 2021.10/bin/../lib/gcc/arm-none-eabi/10.3.1/../../../../arm-none-eabi/lib/thumb/v6-m/nofp\libg_nano.a(lib_a-wbuf.o)
 .ARM.attributes
                0x0000041e       0x2c c:/users/natar/onedrive/documents/venkiworkspace/10 2021.10/bin/../lib/gcc/arm-none-eabi/10.3.1/../../../../arm-none-eabi/lib/thumb/v6-m/nofp\libg_nano.a(lib_a-wsetup.o)
 .ARM.attributes
                0x0000044a       0x2c c:/users/natar/onedrive/documents/venkiworkspace/10 2021.10/bin/../lib/gcc/arm-none-eabi/10.3.1/../../../../arm-none-eabi/lib/thumb/v6-m/nofp\libg_nano.a(lib_a-fflush.o)
 .ARM.attributes
                0x00000476       0x2c c:/users/natar/onedrive/documents/venkiworkspace/10 2021.10/bin/../lib/gcc/arm-none-eabi/10.3.1/../../../../arm-none-eabi/lib/thumb/v6-m/nofp\libg_nano.a(lib_a-findfp.o)
 .ARM.attributes
                0x000004a2       0x2c c:/users/natar/onedrive/documents/venkiworkspace/10 2021.10/bin/../lib/gcc/arm-none-eabi/10.3.1/../../../../arm-none-eabi/lib/thumb/v6-m/nofp\libg_nano.a(lib_a-fwalk.o)
 .ARM.attributes
                0x000004ce       0x2c c:/users/natar/onedrive/documents/venkiworkspace/10 2021.10/bin/../lib/gcc/arm-none-eabi/10.3.1/../../../../arm-none-eabi/lib/thumb/v6-m/nofp\libg_nano.a(lib_a-lock.o)
 .ARM.attributes
                0x000004fa       0x2c c:/users/natar/onedrive/documents/venkiworkspace/10 2021.10/bin/../lib/gcc/arm-none-eabi/10.3.1/../../../../arm-none-eabi/lib/thumb/v6-m/nofp\libg_nano.a(lib_a-makebuf.o)
 .ARM.attributes
                0x00000526       0x2c c:/users/natar/onedrive/documents/venkiworkspace/10 2021.10/bin/../lib/gcc/arm-none-eabi/10.3.1/../../../../arm-none-eabi/lib/thumb/v6-m/nofp\libg_nano.a(lib_a-memcpy-stub.o)
 .ARM.attributes
                0x00000552       0x2c c:/users/natar/onedrive/documents/venkiworkspace/10 2021.10/bin/../lib/gcc/arm-none-eabi/10.3.1/../../../../arm-none-eabi/lib/thumb/v6-m/nofp\libg_nano.a(lib_a-nano-freer.o)
 .ARM.attributes
                0x0000057e       0x2c c:/users/natar/onedrive/documents/venkiworkspace/10 2021.10/bin/../lib/gcc/arm-none-eabi/10.3.1/../../../../arm-none-eabi/lib/thumb/v6-m/nofp\libg_nano.a(lib_a-nano-mallocr.o)
 .ARM.attributes
                0x000005aa       0x2c c:/users/natar/onedrive/documents/venkiworkspace/10 2021.10/bin/../lib/gcc/arm-none-eabi/10.3.1/../../../../arm-none-eabi/lib/thumb/v6-m/nofp\libg_nano.a(lib_a-nano-vfprintf.o)
 .ARM.attributes
                0x000005d6       0x2c c:/users/natar/onedrive/documents/venkiworkspace/10 2021.10/bin/../lib/gcc/arm-none-eabi/10.3.1/../../../../arm-none-eabi/lib/thumb/v6-m/nofp\libg_nano.a(lib_a-nano-vfprintf_i.o)
 .ARM.attributes
                0x00000602       0x2c c:/users/natar/onedrive/documents/venkiworkspace/10 2021.10/bin/../lib/gcc/arm-none-eabi/10.3.1/../../../../arm-none-eabi/lib/thumb/v6-m/nofp\libg_nano.a(lib_a-sbrkr.o)
 .ARM.attributes
                0x0000062e       0x2c c:/users/natar/onedrive/documents/venkiworkspace/10 2021.10/bin/../lib/gcc/arm-none-eabi/10.3.1/../../../../arm-none-eabi/lib/thumb/v6-m/nofp\libg_nano.a(lib_a-stdio.o)
 .ARM.attributes
                0x0000065a       0x2c c:/users/natar/onedrive/documents/venkiworkspace/10 2021.10/bin/../lib/gcc/arm-none-eabi/10.3.1/../../../../arm-none-eabi/lib/thumb/v6-m/nofp\libg_nano.a(lib_a-writer.o)
 .ARM.attributes
                0x00000686       0x2c c:/users/natar/onedrive/documents/venkiworkspace/10 2021.10/bin/../lib/gcc/arm-none-eabi/10.3.1/../../../../arm-none-eabi/lib/thumb/v6-m/nofp\libg_nano.a(lib_a-closer.o)
 .ARM.attributes
                0x000006b2       0x2c c:/users/natar/onedrive/documents/venkiworkspace/10 2021.10/bin/../lib/gcc/arm-none-eabi/10.3.1/../../../../arm-none-eabi/lib/thumb/v6-m/nofp\libg_nano.a(lib_a-fstatr.o)
 .ARM.attributes
                0x000006de       0x2c c:/users/natar/onedrive/documents/venkiworkspace/10 2021.10/bin/../lib/gcc/arm-none-eabi/10.3.1/../../../../arm-none-eabi/lib/thumb/v6-m/nofp\libg_nano.a(lib_a-isattyr.o)
 .ARM.attributes
                0x0000070a       0x2c c:/users/natar/onedrive/documents/venkiworkspace/10 2021.10/bin/../lib/gcc/arm-none-eabi/10.3.1/../../../../arm-none-eabi/lib/thumb/v6-m/nofp\libg_nano.a(lib_a-lseekr.o)
 .ARM.attributes
                0x00000736       0x2c c:/users/natar/onedrive/documents/venkiworkspace/10 2021.10/bin/../lib/gcc/arm-none-eabi/10.3.1/../../../../arm-none-eabi/lib/thumb/v6-m/nofp\libg_nano.a(lib_a-memchr-stub.o)
 .ARM.attributes
                0x00000762       0x2c c:/users/natar/onedrive/documents/venkiworkspace/10 2021.10/bin/../lib/gcc/arm-none-eabi/10.3.1/../../../../arm-none-eabi/lib/thumb/v6-m/nofp\libg_nano.a(lib_a-mlock.o)
 .ARM.attributes
                0x0000078e       0x2c c:/users/natar/onedrive/documents/venkiworkspace/10 2021.10/bin/../lib/gcc/arm-none-eabi/10.3.1/../../../../arm-none-eabi/lib/thumb/v6-m/nofp\libg_nano.a(lib_a-readr.o)
 .ARM.attributes
                0x000007ba       0x1e c:/users/natar/onedrive/documents/venkiworkspace/10 2021.10/bin/../lib/gcc/arm-none-eabi/10.3.1/thumb/v6-m/nofp\libgcc.a(_thumb1_case_shi.o)
 .ARM.attributes
                0x000007d8       0x2c c:/users/natar/onedrive/documents/venkiworkspace/10 2021.10/bin/../lib/gcc/arm-none-eabi/10.3.1/thumb/v6-m/nofp/crtend.o
 .ARM.attributes
                0x00000804       0x1e c:/users/natar/onedrive/documents/venkiworkspace/10 2021.10/bin/../lib/gcc/arm-none-eabi/10.3.1/thumb/v6-m/nofp/crtn.o
 .ARM.attributes
                0x00000822       0x2c c:/users/natar/onedrive/documents/venkiworkspace/10 2021.10/bin/../lib/gcc/arm-none-eabi/10.3.1/../../../../arm-none-eabi/lib/thumb/v6-m/nofp\libnosys.a(sbrk.o)
 .ARM.attributes
                0x0000084e       0x2c c:/users/natar/onedrive/documents/venkiworkspace/10 2021.10/bin/../lib/gcc/arm-none-eabi/10.3.1/../../../../arm-none-eabi/lib/thumb/v6-m/nofp\libnosys.a(_exit.o)

.comment        0x00000000       0x49
 .comment       0x00000000       0x49 ./User/gpio.o
                                 0x4a (size before relaxing)
 .comment       0x00000049       0x4a ./User/main.o
 .comment       0x00000049       0x4a ./User/timer.o
 .comment       0x00000049       0x4a ./Library/clk.o
 .comment       0x00000049       0x4a ./Library/i2c.o
 .comment       0x00000049       0x4a ./Library/retarget.o
 .comment       0x00000049       0x4a ./Library/uart.o
 .comment       0x00000049       0x4a ./CMSIS/GCC/_syscalls.o
 .comment       0x00000049       0x4a ./CMSIS/system_M0564.o

.debug_info     0x00000000     0x6fa0
 .debug_info    0x00000000      0x21d ./User/gpio.o
 .debug_info    0x0000021d     0x1c34 ./User/main.o
 .debug_info    0x00001e51      0x885 ./User/timer.o
 .debug_info    0x000026d6      0xb0d ./Library/clk.o
 .debug_info    0x000031e3     0x132f ./Library/i2c.o
 .debug_info    0x00004512      0xe0b ./Library/retarget.o
 .debug_info    0x0000531d      0xd90 ./Library/uart.o
 .debug_info    0x000060ad      0xa9a ./CMSIS/GCC/_syscalls.o
 .debug_info    0x00006b47       0x26 ./CMSIS/GCC/startup_M0564.o
 .debug_info    0x00006b6d      0x433 ./CMSIS/system_M0564.o

.debug_abbrev   0x00000000     0x14a0
 .debug_abbrev  0x00000000       0xff ./User/gpio.o
 .debug_abbrev  0x000000ff      0x3bf ./User/main.o
 .debug_abbrev  0x000004be      0x1e6 ./User/timer.o
 .debug_abbrev  0x000006a4      0x2c9 ./Library/clk.o
 .debug_abbrev  0x0000096d      0x20c ./Library/i2c.o
 .debug_abbrev  0x00000b79      0x332 ./Library/retarget.o
 .debug_abbrev  0x00000eab      0x2cd ./Library/uart.o
 .debug_abbrev  0x00001178      0x19f ./CMSIS/GCC/_syscalls.o
 .debug_abbrev  0x00001317       0x14 ./CMSIS/GCC/startup_M0564.o
 .debug_abbrev  0x0000132b      0x175 ./CMSIS/system_M0564.o

.debug_loc      0x00000000     0x38ef
 .debug_loc     0x00000000       0x48 ./User/gpio.o
 .debug_loc     0x00000048      0x180 ./User/main.o
 .debug_loc     0x000001c8      0x46f ./User/timer.o
 .debug_loc     0x00000637      0x6d7 ./Library/clk.o
 .debug_loc     0x00000d0e     0x1a5f ./Library/i2c.o
 .debug_loc     0x0000276d      0x1e3 ./Library/retarget.o
 .debug_loc     0x00002950      0x8bf ./Library/uart.o
 .debug_loc     0x0000320f      0x5ed ./CMSIS/GCC/_syscalls.o
 .debug_loc     0x000037fc       0xf3 ./CMSIS/system_M0564.o

.debug_aranges  0x00000000      0x530
 .debug_aranges
                0x00000000       0x30 ./User/gpio.o
 .debug_aranges
                0x00000030       0x98 ./User/main.o
 .debug_aranges
                0x000000c8       0x78 ./User/timer.o
 .debug_aranges
                0x00000140       0xd0 ./Library/clk.o
 .debug_aranges
                0x00000210      0x108 ./Library/i2c.o
 .debug_aranges
                0x00000318       0x78 ./Library/retarget.o
 .debug_aranges
                0x00000390       0x88 ./Library/uart.o
 .debug_aranges
                0x00000418       0xd0 ./CMSIS/GCC/_syscalls.o
 .debug_aranges
                0x000004e8       0x20 ./CMSIS/GCC/startup_M0564.o
 .debug_aranges
                0x00000508       0x28 ./CMSIS/system_M0564.o

.debug_ranges   0x00000000      0x4e0
 .debug_ranges  0x00000000       0x20 ./User/gpio.o
 .debug_ranges  0x00000020       0x88 ./User/main.o
 .debug_ranges  0x000000a8       0x68 ./User/timer.o
 .debug_ranges  0x00000110       0xc0 ./Library/clk.o
 .debug_ranges  0x000001d0       0xf8 ./Library/i2c.o
 .debug_ranges  0x000002c8       0x68 ./Library/retarget.o
 .debug_ranges  0x00000330       0xc0 ./Library/uart.o
 .debug_ranges  0x000003f0       0xc0 ./CMSIS/GCC/_syscalls.o
 .debug_ranges  0x000004b0       0x30 ./CMSIS/system_M0564.o

.debug_line     0x00000000     0x3b30
 .debug_line    0x00000000      0x204 ./User/gpio.o
 .debug_line    0x00000204      0x855 ./User/main.o
 .debug_line    0x00000a59      0x52d ./User/timer.o
 .debug_line    0x00000f86      0x8a4 ./Library/clk.o
 .debug_line    0x0000182a      0xd87 ./Library/i2c.o
 .debug_line    0x000025b1      0x4c3 ./Library/retarget.o
 .debug_line    0x00002a74      0x84a ./Library/uart.o
 .debug_line    0x000032be      0x5a3 ./CMSIS/GCC/_syscalls.o
 .debug_line    0x00003861       0x6a ./CMSIS/GCC/startup_M0564.o
 .debug_line    0x000038cb      0x265 ./CMSIS/system_M0564.o

.debug_str      0x00000000     0x1b7f
 .debug_str     0x00000000      0x209 ./User/gpio.o
                                0x246 (size before relaxing)
 .debug_str     0x00000209      0x93d ./User/main.o
                                0xb8d (size before relaxing)
 .debug_str     0x00000b46      0x1ac ./User/timer.o
                                0x51b (size before relaxing)
 .debug_str     0x00000cf2      0x2c5 ./Library/clk.o
                                0x5b4 (size before relaxing)
 .debug_str     0x00000fb7      0x2d2 ./Library/i2c.o
                                0x6bc (size before relaxing)
 .debug_str     0x00001289      0x433 ./Library/retarget.o
                                0x6a4 (size before relaxing)
 .debug_str     0x000016bc      0x1d1 ./Library/uart.o
                                0x70f (size before relaxing)
 .debug_str     0x0000188d      0x275 ./CMSIS/GCC/_syscalls.o
                                0x4ba (size before relaxing)
 .debug_str     0x00001b02       0x2b ./CMSIS/GCC/startup_M0564.o
                                 0x71 (size before relaxing)
 .debug_str     0x00001b2d       0x52 ./CMSIS/system_M0564.o
                                0x33f (size before relaxing)

.debug_frame    0x00000000     0x164c
 .debug_frame   0x00000000       0x54 ./User/gpio.o
 .debug_frame   0x00000054      0x184 ./User/main.o
 .debug_frame   0x000001d8      0x104 ./User/timer.o
 .debug_frame   0x000002dc      0x210 ./Library/clk.o
 .debug_frame   0x000004ec      0x308 ./Library/i2c.o
 .debug_frame   0x000007f4      0x100 ./Library/retarget.o
 .debug_frame   0x000008f4      0x15c ./Library/uart.o
 .debug_frame   0x00000a50      0x230 ./CMSIS/GCC/_syscalls.o
 .debug_frame   0x00000c80       0x3c ./CMSIS/system_M0564.o
 .debug_frame   0x00000cbc       0x20 c:/users/natar/onedrive/documents/venkiworkspace/10 2021.10/bin/../lib/gcc/arm-none-eabi/10.3.1/thumb/v6-m/nofp\libgcc.a(_udivsi3.o)
 .debug_frame   0x00000cdc       0x20 c:/users/natar/onedrive/documents/venkiworkspace/10 2021.10/bin/../lib/gcc/arm-none-eabi/10.3.1/thumb/v6-m/nofp\libgcc.a(_divsi3.o)
 .debug_frame   0x00000cfc       0x20 c:/users/natar/onedrive/documents/venkiworkspace/10 2021.10/bin/../lib/gcc/arm-none-eabi/10.3.1/../../../../arm-none-eabi/lib/thumb/v6-m/nofp\libg_nano.a(lib_a-errno.o)
 .debug_frame   0x00000d1c       0x28 c:/users/natar/onedrive/documents/venkiworkspace/10 2021.10/bin/../lib/gcc/arm-none-eabi/10.3.1/../../../../arm-none-eabi/lib/thumb/v6-m/nofp\libg_nano.a(lib_a-exit.o)
 .debug_frame   0x00000d44       0x2c c:/users/natar/onedrive/documents/venkiworkspace/10 2021.10/bin/../lib/gcc/arm-none-eabi/10.3.1/../../../../arm-none-eabi/lib/thumb/v6-m/nofp\libg_nano.a(lib_a-init.o)
 .debug_frame   0x00000d70       0x40 c:/users/natar/onedrive/documents/venkiworkspace/10 2021.10/bin/../lib/gcc/arm-none-eabi/10.3.1/../../../../arm-none-eabi/lib/thumb/v6-m/nofp\libg_nano.a(lib_a-itoa.o)
 .debug_frame   0x00000db0       0x20 c:/users/natar/onedrive/documents/venkiworkspace/10 2021.10/bin/../lib/gcc/arm-none-eabi/10.3.1/../../../../arm-none-eabi/lib/thumb/v6-m/nofp\libg_nano.a(lib_a-memset.o)
 .debug_frame   0x00000dd0       0x50 c:/users/natar/onedrive/documents/venkiworkspace/10 2021.10/bin/../lib/gcc/arm-none-eabi/10.3.1/../../../../arm-none-eabi/lib/thumb/v6-m/nofp\libg_nano.a(lib_a-printf.o)
 .debug_frame   0x00000e20       0x44 c:/users/natar/onedrive/documents/venkiworkspace/10 2021.10/bin/../lib/gcc/arm-none-eabi/10.3.1/../../../../arm-none-eabi/lib/thumb/v6-m/nofp\libg_nano.a(lib_a-puts.o)
 .debug_frame   0x00000e64       0x48 c:/users/natar/onedrive/documents/venkiworkspace/10 2021.10/bin/../lib/gcc/arm-none-eabi/10.3.1/../../../../arm-none-eabi/lib/thumb/v6-m/nofp\libg_nano.a(lib_a-utoa.o)
 .debug_frame   0x00000eac       0x48 c:/users/natar/onedrive/documents/venkiworkspace/10 2021.10/bin/../lib/gcc/arm-none-eabi/10.3.1/../../../../arm-none-eabi/lib/thumb/v6-m/nofp\libg_nano.a(lib_a-wbuf.o)
 .debug_frame   0x00000ef4       0x2c c:/users/natar/onedrive/documents/venkiworkspace/10 2021.10/bin/../lib/gcc/arm-none-eabi/10.3.1/../../../../arm-none-eabi/lib/thumb/v6-m/nofp\libg_nano.a(lib_a-wsetup.o)
 .debug_frame   0x00000f20       0x68 c:/users/natar/onedrive/documents/venkiworkspace/10 2021.10/bin/../lib/gcc/arm-none-eabi/10.3.1/../../../../arm-none-eabi/lib/thumb/v6-m/nofp\libg_nano.a(lib_a-fflush.o)
 .debug_frame   0x00000f88      0x170 c:/users/natar/onedrive/documents/venkiworkspace/10 2021.10/bin/../lib/gcc/arm-none-eabi/10.3.1/../../../../arm-none-eabi/lib/thumb/v6-m/nofp\libg_nano.a(lib_a-findfp.o)
 .debug_frame   0x000010f8       0x58 c:/users/natar/onedrive/documents/venkiworkspace/10 2021.10/bin/../lib/gcc/arm-none-eabi/10.3.1/../../../../arm-none-eabi/lib/thumb/v6-m/nofp\libg_nano.a(lib_a-fwalk.o)
 .debug_frame   0x00001150       0xb0 c:/users/natar/onedrive/documents/venkiworkspace/10 2021.10/bin/../lib/gcc/arm-none-eabi/10.3.1/../../../../arm-none-eabi/lib/thumb/v6-m/nofp\libg_nano.a(lib_a-lock.o)
 .debug_frame   0x00001200       0x54 c:/users/natar/onedrive/documents/venkiworkspace/10 2021.10/bin/../lib/gcc/arm-none-eabi/10.3.1/../../../../arm-none-eabi/lib/thumb/v6-m/nofp\libg_nano.a(lib_a-makebuf.o)
 .debug_frame   0x00001254       0x28 c:/users/natar/onedrive/documents/venkiworkspace/10 2021.10/bin/../lib/gcc/arm-none-eabi/10.3.1/../../../../arm-none-eabi/lib/thumb/v6-m/nofp\libg_nano.a(lib_a-memcpy-stub.o)
 .debug_frame   0x0000127c       0x2c c:/users/natar/onedrive/documents/venkiworkspace/10 2021.10/bin/../lib/gcc/arm-none-eabi/10.3.1/../../../../arm-none-eabi/lib/thumb/v6-m/nofp\libg_nano.a(lib_a-nano-freer.o)
 .debug_frame   0x000012a8       0x50 c:/users/natar/onedrive/documents/venkiworkspace/10 2021.10/bin/../lib/gcc/arm-none-eabi/10.3.1/../../../../arm-none-eabi/lib/thumb/v6-m/nofp\libg_nano.a(lib_a-nano-mallocr.o)
 .debug_frame   0x000012f8       0x9c c:/users/natar/onedrive/documents/venkiworkspace/10 2021.10/bin/../lib/gcc/arm-none-eabi/10.3.1/../../../../arm-none-eabi/lib/thumb/v6-m/nofp\libg_nano.a(lib_a-nano-vfprintf.o)
 .debug_frame   0x00001394       0x54 c:/users/natar/onedrive/documents/venkiworkspace/10 2021.10/bin/../lib/gcc/arm-none-eabi/10.3.1/../../../../arm-none-eabi/lib/thumb/v6-m/nofp\libg_nano.a(lib_a-nano-vfprintf_i.o)
 .debug_frame   0x000013e8       0x2c c:/users/natar/onedrive/documents/venkiworkspace/10 2021.10/bin/../lib/gcc/arm-none-eabi/10.3.1/../../../../arm-none-eabi/lib/thumb/v6-m/nofp\libg_nano.a(lib_a-sbrkr.o)
 .debug_frame   0x00001414       0x90 c:/users/natar/onedrive/documents/venkiworkspace/10 2021.10/bin/../lib/gcc/arm-none-eabi/10.3.1/../../../../arm-none-eabi/lib/thumb/v6-m/nofp\libg_nano.a(lib_a-stdio.o)
 .debug_frame   0x000014a4       0x2c c:/users/natar/onedrive/documents/venkiworkspace/10 2021.10/bin/../lib/gcc/arm-none-eabi/10.3.1/../../../../arm-none-eabi/lib/thumb/v6-m/nofp\libg_nano.a(lib_a-writer.o)
 .debug_frame   0x000014d0       0x2c c:/users/natar/onedrive/documents/venkiworkspace/10 2021.10/bin/../lib/gcc/arm-none-eabi/10.3.1/../../../../arm-none-eabi/lib/thumb/v6-m/nofp\libg_nano.a(lib_a-closer.o)
 .debug_frame   0x000014fc       0x2c c:/users/natar/onedrive/documents/venkiworkspace/10 2021.10/bin/../lib/gcc/arm-none-eabi/10.3.1/../../../../arm-none-eabi/lib/thumb/v6-m/nofp\libg_nano.a(lib_a-fstatr.o)
 .debug_frame   0x00001528       0x2c c:/users/natar/onedrive/documents/venkiworkspace/10 2021.10/bin/../lib/gcc/arm-none-eabi/10.3.1/../../../../arm-none-eabi/lib/thumb/v6-m/nofp\libg_nano.a(lib_a-isattyr.o)
 .debug_frame   0x00001554       0x2c c:/users/natar/onedrive/documents/venkiworkspace/10 2021.10/bin/../lib/gcc/arm-none-eabi/10.3.1/../../../../arm-none-eabi/lib/thumb/v6-m/nofp\libg_nano.a(lib_a-lseekr.o)
 .debug_frame   0x00001580       0x20 c:/users/natar/onedrive/documents/venkiworkspace/10 2021.10/bin/../lib/gcc/arm-none-eabi/10.3.1/../../../../arm-none-eabi/lib/thumb/v6-m/nofp\libg_nano.a(lib_a-memchr-stub.o)
 .debug_frame   0x000015a0       0x40 c:/users/natar/onedrive/documents/venkiworkspace/10 2021.10/bin/../lib/gcc/arm-none-eabi/10.3.1/../../../../arm-none-eabi/lib/thumb/v6-m/nofp\libg_nano.a(lib_a-mlock.o)
 .debug_frame   0x000015e0       0x2c c:/users/natar/onedrive/documents/venkiworkspace/10 2021.10/bin/../lib/gcc/arm-none-eabi/10.3.1/../../../../arm-none-eabi/lib/thumb/v6-m/nofp\libg_nano.a(lib_a-readr.o)
 .debug_frame   0x0000160c       0x20 c:/users/natar/onedrive/documents/venkiworkspace/10 2021.10/bin/../lib/gcc/arm-none-eabi/10.3.1/../../../../arm-none-eabi/lib/thumb/v6-m/nofp\libnosys.a(sbrk.o)
 .debug_frame   0x0000162c       0x20 c:/users/natar/onedrive/documents/venkiworkspace/10 2021.10/bin/../lib/gcc/arm-none-eabi/10.3.1/../../../../arm-none-eabi/lib/thumb/v6-m/nofp\libnosys.a(_exit.o)
